// Jest Snapshot v1, https://goo.gl/fbAQLP

exports[`Should render a component Main should render a component 1`] = `
.c0 {
  display: -webkit-box;
  display: -webkit-flex;
  display: -ms-flexbox;
  display: flex;
  -webkit-flex-direction: column;
  -ms-flex-direction: column;
  flex-direction: column;
  height: 100vh;
  width: 100vw;
  position: relative;
  background-image: url('img/windows-background.png');
  background-repeat: no-repeat;
  background-size: cover;
  background-position: center;
  overflow: hidden;
}

<main
  class="c0"
/>
`;
